commit d51272401f8d37bd53fa341dd723de9f6826d80e
Author: Himani  Munshi <hxm3443@cs.rit.edu>
Date:   Sun Nov 25 11:53:55 2018 -0500

    Initial checkin
